../Libs/Drivers/TFT/TFT.c:379:6:TFT_ST7735_init_info	24	static
../Libs/Drivers/TFT/TFT.c:405:6:TFT_ST7735_Unselect	16	static
../Libs/Drivers/TFT/TFT.c:409:6:TFT_ST7735_Select	16	static
../Libs/Drivers/TFT/TFT.c:414:6:TFT_ST7735_Reset	16	static
../Libs/Drivers/TFT/TFT.c:420:6:TFT_ST7735_Write_command	16	static
../Libs/Drivers/TFT/TFT.c:425:6:TFT_ST7735_Write_data	24	static
../Libs/Drivers/TFT/TFT.c:430:6:TFT_ST7735_Display_init	32	static
../Libs/Drivers/TFT/TFT.c:456:6:TFT_ST7735_Set_address_window	32	static
../Libs/Drivers/TFT/TFT.c:472:6:TFT_ST7735_Set_rotation	24	static
../Libs/Drivers/TFT/TFT.c:536:6:TFT_ST7735_Run	32	static
../Libs/Drivers/TFT/TFT.c:573:6:TFT_ST7735_Draw_pixel	56	static
../Libs/Drivers/TFT/TFT.c:586:6:TFT_ST7735_Write_char	72	static
../Libs/Drivers/TFT/TFT.c:604:6:TFT_ST7735_Write_string	56	static
../Libs/Drivers/TFT/TFT.c:632:6:TFT_ST7735_Fill_rectangle	56	static
../Libs/Drivers/TFT/TFT.c:652:6:TFT_ST7735_Draw_image	48	static
../Libs/Drivers/TFT/TFT.c:664:6:TFT_ST7735_InvertColors	16	static
../Libs/Drivers/TFT/TFT.c:671:6:TFT_ST7735_Display_off	16	static
../Libs/Drivers/TFT/TFT.c:679:6:TFT_St7735_Display_on	16	static
../Libs/Drivers/TFT/TFT.c:697:6:TFT_ST7735_drawPixel	32	static
../Libs/Drivers/TFT/TFT.c:701:6:TFT_ST7735_writePixel	40	static
../Libs/Drivers/TFT/TFT.c:705:6:TFT_ST7735_writeLine	56	static
../Libs/Drivers/TFT/TFT.c:744:6:TFT_ST7735_drawFastVLine	40	static
../Libs/Drivers/TFT/TFT.c:748:6:TFT_ST7735_drawFastHLine	48	static
../Libs/Drivers/TFT/TFT.c:753:6:TFT_ST7735_drawLine	48	static
../Libs/Drivers/TFT/TFT.c:765:6:TFT_ST7735_fillRect	40	static
../Libs/Drivers/TFT/TFT.c:769:6:TFT_ST7735_fillScreen	24	static
