../Core/Src/main.c:78:6:HAL_TIM_PeriodElapsedCallback	16	static
../Core/Src/main.c:92:5:main	72	static
../Core/Src/main.c:149:6:SystemClock_Config	96	static
../Core/Src/main.c:199:13:MX_ADC_Init	24	static
../Core/Src/main.c:309:13:MX_I2C1_Init	8	static
../Core/Src/main.c:357:13:MX_SPI1_Init	8	static
../Core/Src/main.c:397:13:MX_TIM1_Init	64	static
../Core/Src/main.c:447:13:MX_TIM17_Init	8	static
../Core/Src/main.c:477:13:MX_DMA_Init	16	static
../Core/Src/main.c:495:13:MX_GPIO_Init	48	static
../Core/Src/main.c:544:6:Error_Handler	8	static,ignoring_inline_asm
